// Jest Snapshot v1, https://goo.gl/fbAQLP

exports[`<TreeNode> should match snapshot calling correct template 1`] = `"<span>some node</span>"`;
