// Jest Snapshot v1, https://goo.gl/fbAQLP

exports[`<TreeKey> should match snapshot 1`] = `"<ul tabindex=\\"0\\" class=\\"treeview-root\\" style=\\"outline: none; padding-left: 20px; list-style: none;\\"><li class=\\"treeview-selected-node\\"><div style=\\"padding-left: 100%; margin-left: -100%; background-color: grey;\\"><div style=\\"display: inline-block; padding: 0px 5px; margin-left: -18px;\\"><svg height=\\"10\\" width=\\"8\\"><polygon points=\\"0,0,0,10,8,5\\" style=\\"fill: white; stroke-width: 0; transform-origin: center; transform: rotate(90deg);\\"></polygon></svg></div><span>root</span></div><ul style=\\"list-style: none; padding-left: 8px;\\"><li class=\\"\\"><div style=\\"padding-left: 100%; margin-left: -100%;\\"><span>child1</span></div></li><li class=\\"\\"><div style=\\"padding-left: 100%; margin-left: -100%;\\"><span>child2</span></div></li><li class=\\"\\"><div style=\\"padding-left: 100%; margin-left: -100%;\\"><div style=\\"display: inline-block; padding: 0px 5px; margin-left: -18px;\\"><svg height=\\"10\\" width=\\"8\\"><polygon points=\\"0,0,0,10,8,5\\" style=\\"fill: white; stroke-width: 0; transform-origin: center; transform: rotate(0);\\"></polygon></svg></div><span>child3</span></div></li><li class=\\"\\"><div style=\\"padding-left: 100%; margin-left: -100%;\\"><span>child4</span></div></li><li class=\\"\\"><div style=\\"padding-left: 100%; margin-left: -100%;\\"><div style=\\"display: inline-block; padding: 0px 5px; margin-left: -18px;\\"><svg height=\\"10\\" width=\\"8\\"><polygon points=\\"0,0,0,10,8,5\\" style=\\"fill: white; stroke-width: 0; transform-origin: center; transform: rotate(0);\\"></polygon></svg></div><span>child5</span></div></li></ul></li></ul>"`;
