// Jest Snapshot v1, https://goo.gl/fbAQLP

exports[`<TreeKey> should match snapshot 1`] = `"<ul tabindex=\\"0\\" class=\\"treeview-root\\" style=\\"outline: none; padding-left: 18px; list-style: none;\\"><li style=\\"cursor: pointer;\\" class=\\"treeview-selected-node\\"><div style=\\"padding-left: 10px; background-color: grey;\\"><div style=\\"display: inline-block; padding-left: 25px; margin-left: -18px;\\"><svg height=\\"10\\" width=\\"8\\"><polygon points=\\"0,0,0,10,8,5\\" style=\\"fill: white; stroke-width: 0; transform-origin: center; transform: rotate(90deg);\\"></polygon></svg></div><span style=\\"padding-left: 7px;\\">root</span></div><ul style=\\"list-style: none; padding-left: 0px;\\"><li style=\\"cursor: pointer;\\" class=\\"\\"><div style=\\"padding-left: 35px;\\"><span style=\\"padding-left: 7px;\\">child1</span></div></li><li style=\\"cursor: pointer;\\" class=\\"\\"><div style=\\"padding-left: 35px;\\"><span style=\\"padding-left: 7px;\\">child2</span></div></li><li style=\\"cursor: pointer;\\" class=\\"\\"><div style=\\"padding-left: 20px;\\"><div style=\\"display: inline-block; padding-left: 25px; margin-left: -18px;\\"><svg height=\\"10\\" width=\\"8\\"><polygon points=\\"0,0,0,10,8,5\\" style=\\"fill: white; stroke-width: 0; transform-origin: center; transform: rotate(0);\\"></polygon></svg></div><span style=\\"padding-left: 7px;\\">child3</span></div></li><li style=\\"cursor: pointer;\\" class=\\"\\"><div style=\\"padding-left: 35px;\\"><span style=\\"padding-left: 7px;\\">child4</span></div></li><li style=\\"cursor: pointer;\\" class=\\"\\"><div style=\\"padding-left: 20px;\\"><div style=\\"display: inline-block; padding-left: 25px; margin-left: -18px;\\"><svg height=\\"10\\" width=\\"8\\"><polygon points=\\"0,0,0,10,8,5\\" style=\\"fill: white; stroke-width: 0; transform-origin: center; transform: rotate(0);\\"></polygon></svg></div><span style=\\"padding-left: 7px;\\">child5</span></div></li></ul></li></ul>"`;
