// Jest Snapshot v1, https://goo.gl/fbAQLP

exports[`<TreeNodeToggle> should match snapshot with correct template 1`] = `"<div style=\\"display: inline-block; padding: 0px 5px; margin-left: -18px;\\"><span>some node</span></div>"`;
